#! /usr/bin/vvp
:ivl_version "11.0 (stable)";
:ivl_delay_selection "TYPICAL";
:vpi_time_precision + 0;
:vpi_module "/usr/lib/x86_64-linux-gnu/ivl/system.vpi";
:vpi_module "/usr/lib/x86_64-linux-gnu/ivl/vhdl_sys.vpi";
:vpi_module "/usr/lib/x86_64-linux-gnu/ivl/vhdl_textio.vpi";
:vpi_module "/usr/lib/x86_64-linux-gnu/ivl/v2005_math.vpi";
:vpi_module "/usr/lib/x86_64-linux-gnu/ivl/va_math.vpi";
S_0x642ba368bd90 .scope module, "Data_memory" "Data_memory" 2 1;
 .timescale 0 0;
    .port_info 0 /INPUT 1 "clk";
    .port_info 1 /INPUT 1 "rst";
    .port_info 2 /INPUT 1 "WE";
    .port_info 3 /INPUT 32 "A";
    .port_info 4 /INPUT 32 "WD";
    .port_info 5 /OUTPUT 32 "RD";
o0x7b313364f018 .functor BUFZ 32, C4<zzzzzzzzzzzzzzzzzzzzzzzzzzzzzzzz>; HiZ drive
v0x642ba368bfe0_0 .net "A", 31 0, o0x7b313364f018;  0 drivers
v0x642ba36d4ac0_0 .net "RD", 31 0, L_0x642ba36e5420;  1 drivers
o0x7b313364f078 .functor BUFZ 32, C4<zzzzzzzzzzzzzzzzzzzzzzzzzzzzzzzz>; HiZ drive
v0x642ba36d4ba0_0 .net "WD", 31 0, o0x7b313364f078;  0 drivers
o0x7b313364f0a8 .functor BUFZ 1, C4<z>; HiZ drive
v0x642ba36d4c60_0 .net "WE", 0 0, o0x7b313364f0a8;  0 drivers
L_0x7b31333b7018 .functor BUFT 1, C4<00000000000000000000000000000000>, C4<0>, C4<0>, C4<0>;
v0x642ba36d4d20_0 .net/2u *"_ivl_0", 31 0, L_0x7b31333b7018;  1 drivers
v0x642ba36d4e50_0 .net *"_ivl_2", 31 0, L_0x642ba36e5300;  1 drivers
o0x7b313364f138 .functor BUFZ 1, C4<z>; HiZ drive
v0x642ba36d4f30_0 .net "clk", 0 0, o0x7b313364f138;  0 drivers
v0x642ba36d4ff0 .array "mem", 0 1023, 31 0;
o0x7b313364f168 .functor BUFZ 1, C4<z>; HiZ drive
v0x642ba36d50b0_0 .net "rst", 0 0, o0x7b313364f168;  0 drivers
E_0x642ba36af9b0 .event posedge, v0x642ba36d4f30_0;
L_0x642ba36e5300 .array/port v0x642ba36d4ff0, o0x7b313364f018;
L_0x642ba36e5420 .functor MUXZ 32, L_0x642ba36e5300, L_0x7b31333b7018, o0x7b313364f168, C4<>;
    .scope S_0x642ba368bd90;
T_0 ;
    %wait E_0x642ba36af9b0;
    %load/vec4 v0x642ba36d4c60_0;
    %flag_set/vec4 8;
    %jmp/0xz  T_0.0, 8;
    %load/vec4 v0x642ba36d4ba0_0;
    %ix/getv 3, v0x642ba368bfe0_0;
    %ix/load 4, 0, 0; Constant delay
    %assign/vec4/a/d v0x642ba36d4ff0, 0, 4;
T_0.0 ;
    %jmp T_0;
    .thread T_0;
# The file index is used to find the file name in the following table.
:file_names 3;
    "N/A";
    "<interactive>";
    "data_mem.v";
