#! /usr/bin/vvp
:ivl_version "11.0 (stable)";
:ivl_delay_selection "TYPICAL";
:vpi_time_precision + 0;
:vpi_module "/usr/lib/x86_64-linux-gnu/ivl/system.vpi";
:vpi_module "/usr/lib/x86_64-linux-gnu/ivl/vhdl_sys.vpi";
:vpi_module "/usr/lib/x86_64-linux-gnu/ivl/vhdl_textio.vpi";
:vpi_module "/usr/lib/x86_64-linux-gnu/ivl/v2005_math.vpi";
:vpi_module "/usr/lib/x86_64-linux-gnu/ivl/va_math.vpi";
S_0x570994baade0 .scope module, "pc_counter" "pc_counter" 2 1;
 .timescale 0 0;
    .port_info 0 /INPUT 1 "clk";
    .port_info 1 /INPUT 1 "rst";
    .port_info 2 /OUTPUT 32 "PC";
    .port_info 3 /INPUT 32 "PC_Next";
v0x570994bac7b0_0 .var "PC", 31 0;
o0x71d7598b8048 .functor BUFZ 32, C4<zzzzzzzzzzzzzzzzzzzzzzzzzzzzzzzz>; HiZ drive
v0x570994bacba0_0 .net "PC_Next", 31 0, o0x71d7598b8048;  0 drivers
o0x71d7598b8078 .functor BUFZ 1, C4<z>; HiZ drive
v0x570994bf2130_0 .net "clk", 0 0, o0x71d7598b8078;  0 drivers
o0x71d7598b80a8 .functor BUFZ 1, C4<z>; HiZ drive
v0x570994bf2200_0 .net "rst", 0 0, o0x71d7598b80a8;  0 drivers
E_0x570994bab580 .event posedge, v0x570994bf2130_0;
    .scope S_0x570994baade0;
T_0 ;
    %wait E_0x570994bab580;
    %load/vec4 v0x570994bf2200_0;
    %flag_set/vec4 8;
    %jmp/0xz  T_0.0, 8;
    %pushi/vec4 0, 0, 32;
    %assign/vec4 v0x570994bac7b0_0, 0;
    %jmp T_0.1;
T_0.0 ;
    %load/vec4 v0x570994bacba0_0;
    %assign/vec4 v0x570994bac7b0_0, 0;
T_0.1 ;
    %jmp T_0;
    .thread T_0;
# The file index is used to find the file name in the following table.
:file_names 3;
    "N/A";
    "<interactive>";
    "PC_counter.v";
